npm : The system cannot find 
the path specified.
At line:1 char:1
+ npm run build > 
build_output.log 2>&1
+ ~~~~~~~~~~~~~~~~~~~~~~~~~~~
~~~~~~~~~~
    + CategoryInfo           
   : NotSpecified: (The sys  
  tem cann...path specifie   
 d.:String) [], RemoteExc    
eption
    + FullyQualifiedErrorId  
   : NativeCommandError
 
The system cannot find the 
path specified.

> dev-portfolio@0.1.0 build
> next build

ΓÜá Warning: Next.js 
inferred your workspace 
root, but it may not be 
correct.
 We detected multiple 
lockfiles and selected the 
directory of C:\Users\Akshat 
Darshi\package-lock.json as 
the root directory.
 To silence this warning, 
set `turbopack.root` in your 
Next.js config, or consider 
removing one of the 
lockfiles if it's not needed.
   See https://nextjs.org/doc
s/app/api-reference/config/ne
xt-config-js/turbopack#root-d
irectory for more 
information.
 Detected additional 
lockfiles: 
   * C:\Users\Akshat Darshi\D
ownloads\miyoko-portfolio-mai
n\miyoko-portfolio-main\packa
ge-lock.json

Γû▓ Next.js 16.1.6 (Turbopack)

  Creating an optimized production build ...
Turbopack build encountered 
1 warnings:
[next]/internal/font/google/d
m_sans_ca805f44.module.css
Error while requesting 
resource
There was an issue 
establishing a connection 
while requesting https://font
s.googleapis.com/css2?family=
DM+Sans:wght@400;500;700&disp
lay=swap

Import trace:
  Server Component:
    [next]/internal/font/goog
le/dm_sans_ca805f44.module.cs
s
    [next]/internal/font/goog
le/dm_sans_ca805f44.js
    ./Downloads/miyoko-portfo
lio-main/miyoko-portfolio-mai
n/app/layout.tsx



> Build error occurred
Error: Turbopack build 
failed with 1 errors:
[next]/internal/font/google/d
m_sans_ca805f44.module.css
next/font: error:
Failed to fetch `DM Sans` 
from Google Fonts.

Import trace:
  Server Component:
    [next]/internal/font/goog
le/dm_sans_ca805f44.module.cs
s
    [next]/internal/font/goog
le/dm_sans_ca805f44.js
    ./Downloads/miyoko-portfo
lio-main/miyoko-portfolio-mai
n/app/layout.tsx


    at ignore-listed frames
